Aula 4

PS C:\Users\ead\Desktop\Gomes> python -m venv venv
PS C:\Users\ead\Desktop\Gomes>

Ctrl + Shift + P

Entrar em PowerShell
Commande prompt


C:\Users\ead\Desktop\Gomes>cd venv

C:\Users\ead\Desktop\Gomes\venv>cd Scripts

C:\Users\ead\Desktop\Gomes\venv\Scripts>


C:\Users\ead\Desktop\Gomes\venv\Scripts>activate

(venv) C:\Users\ead\Desktop\Gomes\venv\Scripts>

Ativou o ambiente virtual


# Atividade
- Crie um program para o Boletim de notas do aluno. Guarde o nome do aluno, as notas e calcule a média final do aluno.

- Dociplinas:
    - Matemática
    - Portuguès
    - Geografia
    - História
    - Física

- Ao obter as notas e media das notas, imprima o boletim do aluno informando as notas das materias e com o qunato ele ficou de média.

nome = input('Digite a porra do seu nome se bizonho:')
nota_mat = float(input('Digite a nota de matemática'))
nota_port = float(input('Digite sua nota de Português:'))
nota_geo = float(input('Digite sua nota de Geografia:'))
nota_hist = float(input('Digite sua nota de História:'))
nota_fis = float(input('Digite sea nota de Física:'))
media_geral =(nota_mat + nota_port + nota_geo + nota_hist + nota_fis)/5
print (f' A média geral das notas de Matemática: {nota_mat}, Português: {nota_port}, Geografia: {nota_geo}, História: {nota_hist}, Física: {nota_fis}. Sendo a média geral de: {media_geral}')
print (f' O nome do aluno é: {nome})

---



print(30*'-', 'BOLETIM ESCOLAR', 30*'-')
print(f'O nome do aluno é: {nome}')
nome = input('Digite a porra do seu nome se bizonho:')

nota_mat = (input('Digite a nota de matemática'))
nota_mat = float(nota_mat)
nota_port = float(input('Digite sua nota de Português:'))
nota_port = float(nota_port)
nota_geo = float(input('Digite sua nota de Geografia:'))
nota_geo = float(nota_geo)
nota_hist = float(input('Digite sua nota de História:'))
nota_hist = float(nota_hist)
nota_fis = float(input('Digite sea nota de Física:'))
nota_fis = float(nota_fis)
media_geral =(nota_mat + nota_port + nota_geo + nota_hist + nota_fis)/5
print(f'A média geral das notas de: \n Matemática: {nota_mat}, \n Português: {nota_port}, \n Geografia: {nota_geo}, \n História: {nota_hist}, \n Física: {nota_fis}. \n Sendo a média geral de: {media_geral}')
print(30*'-', 'BOLETIM ESCOLAR', 30*'-')


github = versionamento
Abrir terminal crtl '
Git init startar github
galhos brents
master progeto principal


git commit -m "primeiro commit"
criou uma nova bolinha


A cada commit é uma nova versao
do projeto

git branch ataanderson

um novo parceiro

git checkout ataanderson

pode desenvolver e salvar nas versoes dele

git merge 

para juntar outras versoes



…or create a new repository on the command line
echo "# aulas_python_vesp" >> README.md
git init
git add README.md
git commit -m "first commit"
git branch -M main
git remote add origin https://github.com/ataanderson/aulas_python_vesp.git
git push -u origin main
…or push an existing repository from the command line
git remote add origin https://github.com/ataanderson/aulas_python_vesp.git
git branch -M main
git push -u origin main



(venv) C:\Users\ead\Desktop\Gomes>git init

inicializar o repositório

(venv) C:\Users\ead\Desktop\Gomes>git status
On branch master

No commits yet

Untracked files:
  (use "git add <file>..." to include in what will be committed)
        .gitignore
        Aula4-anotacoes.txt

nothing added to commit but untracked files present (use "git add" to track)

(venv) C:\Users\ead\Desktop\Gomes>


cls

Gerenciador de Credenciais do Windows em pesquisas do windows

Exclui o que tiver e crie uma nova

(venv) C:\Users\ead\Desktop\Gomes>git config --global user.name

(venv) C:\Users\ead\Desktop\Gomes>

(venv) C:\Users\ead\Desktop\Gomes>git config --global user.email ataanderson.silva@aluno.senai.br

(venv) C:\Users\ead\Desktop\Gomes>


(venv) C:\Users\ead\Desktop\Gomes>git status
On branch master

No commits yet

Changes to be committed:
  (use "git rm --cached <file>..." to unstage)
        new file:   .gitignore
        new file:   Aula4-anotacoes.txt


(venv) C:\Users\ead\Desktop\Gomes>git commit -m "aula4"
[master (root-commit) 82b877d] aula4   
 2 files changed, 273 insertions(+)    
 create mode 100644 .gitignore
 create mode 100644 Aula4-anotacoes.txt

(venv) C:\Users\ead\Desktop\Gomes>git status
On branch master
nothing to commit, working tree clean


Verifica o caminho da conexão

(venv) C:\Users\ead\Desktop\Gomes>git remote -v
origin  https://github.com/ataanderson/aulas_python_vesp.git (fetch)
origin  https://github.com/ataanderson/aulas_python_vesp.git (push)

(venv) C:\Users\ead\Desktop\Gomes>


Mudar de Master para main

(venv) C:\Users\ead\Desktop\Gomes>git branch -M main

(venv) C:\Users\ead\Desktop\Gomes>


Empurrar o arquivo de origem
(venv) C:\Users\ead\Desktop\Gomes>git push origin main

Vai aparecer uma aba de acesso.

info: please complete authentication in your browser...


Subindo no Github

(venv) C:\Users\ead\Desktop\Gomes>git push origin main
info: please complete authentication in your browser...
Enumerating objects: 4, done.
Counting objects: 100% (4/4), done.
Delta compression using up to 12 threads
Compressing objects: 100% (4/4), done.
Writing objects: 100% (4/4), 2.71 KiB | 2.71 MiB/s, done.
Total 4 (delta 0), reused 0 (delta 0), pack-reused 0
To https://github.com/ataanderson/aulas_python_vesp.git
 * [new branch]      main -> main

(venv) C:\Users\ead\Desktop\Gomes>





git remote add origin https://github.com/ataanderson/aulas_python_vesp.git